=== DEBUGGING API RESPONSES ===

Clearing cache...
1. Testing balance API...
Balance: 2.01

2. Testing positions API...
Positions data keys: ['active_positions', 'all_market_positions', 'all_event_positions', 'positions', 'market_positions', 'event_positions', 'cursor']
Number of market positions: 53
Sample position keys: ['ticker', 'total_traded', 'total_traded_dollars', 'position', 'market_exposure', 'market_exposure_dollars', 'realized_pnl', 'realized_pnl_dollars', 'resting_orders_count', 'fees_paid', 'fees_paid_dollars', 'last_updated_ts']
Sample position data:
{'fees_paid': 0,
 'fees_paid_dollars': '0.0000',
 'last_updated_ts': '2025-09-21T12:38:01.275051Z',
 'market_exposure': 0,
 'market_exposure_dollars': '0.0000',
 'position': 0,
 'realized_pnl': 0,
 'realized_pnl_dollars': '0.0000',
 'resting_orders_count': 30,
 'ticker': 'KXF1CHINA-27',
 'total_traded': 0,
 'total_traded_dollars': '0.0000'}

3. Testing enriched positions...
Number of enriched positions: 4

Position 1: KXH1B-29
  Quantity: -10
  Market Value: 810 cents ($8.10)
  Total Cost: 810 cents ($8.10)
  Unrealized P&L: 0 cents ($0.00)
  Realized P&L: 0 cents ($0.00)

Position 2: KXFEDEMPLOYEES-26JAN-250000
  Quantity: 10
  Market Value: 540 cents ($5.40)
  Total Cost: 540 cents ($5.40)
  Unrealized P&L: 0 cents ($0.00)
  Realized P&L: 0 cents ($0.00)

Position 3: KXEPSTEINLIST-26-HKIS
  Quantity: 20
  Market Value: 500 cents ($5.00)
  Total Cost: 500 cents ($5.00)
  Unrealized P&L: 0 cents ($0.00)
  Realized P&L: 0 cents ($0.00)

Position 4: KXGDP-25OCT30-T2.5
  Quantity: 10
  Market Value: 670 cents ($6.70)
  Total Cost: 670 cents ($6.70)
  Unrealized P&L: 0 cents ($0.00)
  Realized P&L: 0 cents ($0.00)

4. Testing portfolio metrics...
Portfolio metrics keys: ['cash_balance', 'total_market_value', 'total_portfolio_value', 'total_unrealized_pnl', 'total_realized_pnl', 'total_fees_paid', 'total_positions', 'winning_positions', 'losing_positions', 'win_rate', 'portfolio_return', 'enriched_positions', 'market_positions', 'closed_positions', 'total_closed_positions']
Portfolio metrics values:
  cash_balance: 2.01
  total_market_value: 25.2
  total_portfolio_value: 27.21
  total_unrealized_pnl: 0.0
  total_realized_pnl: -214.23
  total_fees_paid: 1.61
  total_positions: 4
  winning_positions: 0
  losing_positions: 0
  win_rate: 0.0
  portfolio_return: 0.0
  total_closed_positions: 48
